../Src/main.c:26:5:__io_putchar	16	static
../Src/main.c:31:5:main	16	static
../Src/main.c:47:6:uart_write	16	static
../Src/main.c:56:6:uart6_tx_init	8	static
../Src/main.c:85:6:set_ahb1_periph_clock	16	static
../Src/main.c:91:6:set_ahb2_periph_clock	16	static
../Src/main.c:97:6:set_apb1_periph_clock	16	static
../Src/main.c:103:6:set_apb2_periph_clock	16	static
../Src/main.c:109:6:set_pin_mode	40	static,ignoring_inline_asm
../Src/main.c:122:6:uart_parameters_config	24	static
../Src/main.c:133:10:compute_uart_div	16	static
../Src/main.c:139:6:uart_set_baudrate	24	static
../Src/main.c:145:6:uart_enable	16	static
../Src/main.c:151:6:set_uart_transfer_direction	16	static
