14:25:50 **** Build of configuration Debug for project 08_uart_modular ****
make -j4 all 
arm-none-eabi-gcc -mcpu=cortex-m7 -g3 -DDEBUG -c -x assembler-with-cpp -MMD -MP -MF"Startup/startup_stm32f746nghx.d" -MT"Startup/startup_stm32f746nghx.o" --specs=nano.specs -mfpu=fpv5-sp-d16 -mfloat-abi=hard -mthumb -o "Startup/startup_stm32f746nghx.o" "../Startup/startup_stm32f746nghx.s"
arm-none-eabi-gcc "../Src/gpio.c" -mcpu=cortex-m7 -std=gnu11 -g3 -DDEBUG -DSTM32 -DSTM32F746NGHx -DSTM32F7 -DSTM32F746xx -c -I../Inc -I"C:/Users/Joe/Documents/STM32 Bare-Metal Workspace/chip_headers/CMSIS/Device/ST/STM32F7xx/Include" -I"C:/Users/Joe/Documents/STM32 Bare-Metal Workspace/chip_headers/CMSIS/Include" -O0 -ffunction-sections -fdata-sections -Wall -fstack-usage -MMD -MP -MF"Src/gpio.d" -MT"Src/gpio.o" --specs=nano.specs -mfpu=fpv5-sp-d16 -mfloat-abi=hard -mthumb -o "Src/gpio.o"
arm-none-eabi-gcc "../Src/main.c" -mcpu=cortex-m7 -std=gnu11 -g3 -DDEBUG -DSTM32 -DSTM32F746NGHx -DSTM32F7 -DSTM32F746xx -c -I../Inc -I"C:/Users/Joe/Documents/STM32 Bare-Metal Workspace/chip_headers/CMSIS/Include" -I"C:/Users/Joe/Documents/STM32 Bare-Metal Workspace/chip_headers/CMSIS/Device/ST/STM32F7xx/Include" -O0 -ffunction-sections -fdata-sections -Wall -fstack-usage -MMD -MP -MF"Src/main.d" -MT"Src/main.o" --specs=nano.specs -mfpu=fpv5-sp-d16 -mfloat-abi=hard -mthumb -o "Src/main.o"
arm-none-eabi-gcc "../Src/rcc.c" -mcpu=cortex-m7 -std=gnu11 -g3 -DDEBUG -DSTM32 -DSTM32F746NGHx -DSTM32F7 -DSTM32F746xx -c -I../Inc -I"C:/Users/Joe/Documents/STM32 Bare-Metal Workspace/chip_headers/CMSIS/Device/ST/STM32F7xx/Include" -I"C:/Users/Joe/Documents/STM32 Bare-Metal Workspace/chip_headers/CMSIS/Include" -O0 -ffunction-sections -fdata-sections -Wall -fstack-usage -MMD -MP -MF"Src/rcc.d" -MT"Src/rcc.o" --specs=nano.specs -mfpu=fpv5-sp-d16 -mfloat-abi=hard -mthumb -o "Src/rcc.o"
arm-none-eabi-gcc "../Src/syscalls.c" -mcpu=cortex-m7 -std=gnu11 -g3 -DDEBUG -DSTM32 -DSTM32F746NGHx -DSTM32F7 -DSTM32F746xx -c -I../Inc -I"C:/Users/Joe/Documents/STM32 Bare-Metal Workspace/chip_headers/CMSIS/Device/ST/STM32F7xx/Include" -I"C:/Users/Joe/Documents/STM32 Bare-Metal Workspace/chip_headers/CMSIS/Include" -O0 -ffunction-sections -fdata-sections -Wall -fstack-usage -MMD -MP -MF"Src/syscalls.d" -MT"Src/syscalls.o" --specs=nano.specs -mfpu=fpv5-sp-d16 -mfloat-abi=hard -mthumb -o "Src/syscalls.o"
arm-none-eabi-gcc "../Src/sysmem.c" -mcpu=cortex-m7 -std=gnu11 -g3 -DDEBUG -DSTM32 -DSTM32F746NGHx -DSTM32F7 -DSTM32F746xx -c -I../Inc -I"C:/Users/Joe/Documents/STM32 Bare-Metal Workspace/chip_headers/CMSIS/Device/ST/STM32F7xx/Include" -I"C:/Users/Joe/Documents/STM32 Bare-Metal Workspace/chip_headers/CMSIS/Include" -O0 -ffunction-sections -fdata-sections -Wall -fstack-usage -MMD -MP -MF"Src/sysmem.d" -MT"Src/sysmem.o" --specs=nano.specs -mfpu=fpv5-sp-d16 -mfloat-abi=hard -mthumb -o "Src/sysmem.o"
arm-none-eabi-gcc "../Src/uart.c" -mcpu=cortex-m7 -std=gnu11 -g3 -DDEBUG -DSTM32 -DSTM32F746NGHx -DSTM32F7 -DSTM32F746xx -c -I../Inc -I"C:/Users/Joe/Documents/STM32 Bare-Metal Workspace/chip_headers/CMSIS/Device/ST/STM32F7xx/Include" -I"C:/Users/Joe/Documents/STM32 Bare-Metal Workspace/chip_headers/CMSIS/Include" -O0 -ffunction-sections -fdata-sections -Wall -fstack-usage -MMD -MP -MF"Src/uart.d" -MT"Src/uart.o" --specs=nano.specs -mfpu=fpv5-sp-d16 -mfloat-abi=hard -mthumb -o "Src/uart.o"
../Src/uart.c: In function '__io_putchar':
../Src/uart.c:28:1: warning: control reaches end of non-void function [-Wreturn-type]
   28 | }
      | ^
arm-none-eabi-gcc -o "08_uart_modular.elf" @"objects.list"   -mcpu=cortex-m7 -T"C:\Users\Joe\Documents\STM32 Bare-Metal Workspace\08_uart_modular\STM32F746NGHX_FLASH.ld" --specs=nosys.specs -Wl,-Map="08_uart_modular.map" -Wl,--gc-sections -static --specs=nano.specs -mfpu=fpv5-sp-d16 -mfloat-abi=hard -mthumb -Wl,--start-group -lc -lm -Wl,--end-group
Finished building target: 08_uart_modular.elf
 
arm-none-eabi-size   08_uart_modular.elf 
arm-none-eabi-objdump -h -S  08_uart_modular.elf  > "08_uart_modular.list"
   text	   data	    bss	    dec	    hex	filename
   5896	    108	   1588	   7592	   1da8	08_uart_modular.elf
Finished building: default.size.stdout
 
Finished building: 08_uart_modular.list
 

14:25:53 Build Finished. 0 errors, 1 warnings. (took 2s.985ms)

