14:26:04 **** Build of configuration Debug for project 13_Timers ****
make -j4 all 
arm-none-eabi-gcc -mcpu=cortex-m7 -g3 -DDEBUG -c -x assembler-with-cpp -MMD -MP -MF"Startup/startup_stm32f746nghx.d" -MT"Startup/startup_stm32f746nghx.o" --specs=nano.specs -mfpu=fpv5-sp-d16 -mfloat-abi=hard -mthumb -o "Startup/startup_stm32f746nghx.o" "../Startup/startup_stm32f746nghx.s"
arm-none-eabi-gcc "../Src/adc.c" -mcpu=cortex-m7 -std=gnu11 -g3 -DDEBUG -DSTM32 -DSTM32F746NGHx -DSTM32F7 -DSTM32F746xx -c -I../Inc -I"C:/Users/Joe/Documents/STM32 Bare-Metal Workspace/chip_headers/CMSIS/Device/ST/STM32F7xx/Include" -I"C:/Users/Joe/Documents/STM32 Bare-Metal Workspace/chip_headers/CMSIS/Include" -O0 -ffunction-sections -fdata-sections -Wall -fstack-usage -MMD -MP -MF"Src/adc.d" -MT"Src/adc.o" --specs=nano.specs -mfpu=fpv5-sp-d16 -mfloat-abi=hard -mthumb -o "Src/adc.o"
arm-none-eabi-gcc "../Src/gpio.c" -mcpu=cortex-m7 -std=gnu11 -g3 -DDEBUG -DSTM32 -DSTM32F746NGHx -DSTM32F7 -DSTM32F746xx -c -I../Inc -I"C:/Users/Joe/Documents/STM32 Bare-Metal Workspace/chip_headers/CMSIS/Device/ST/STM32F7xx/Include" -I"C:/Users/Joe/Documents/STM32 Bare-Metal Workspace/chip_headers/CMSIS/Include" -O0 -ffunction-sections -fdata-sections -Wall -fstack-usage -MMD -MP -MF"Src/gpio.d" -MT"Src/gpio.o" --specs=nano.specs -mfpu=fpv5-sp-d16 -mfloat-abi=hard -mthumb -o "Src/gpio.o"
arm-none-eabi-gcc "../Src/led.c" -mcpu=cortex-m7 -std=gnu11 -g3 -DDEBUG -DSTM32 -DSTM32F746NGHx -DSTM32F7 -DSTM32F746xx -c -I../Inc -I"C:/Users/Joe/Documents/STM32 Bare-Metal Workspace/chip_headers/CMSIS/Device/ST/STM32F7xx/Include" -I"C:/Users/Joe/Documents/STM32 Bare-Metal Workspace/chip_headers/CMSIS/Include" -O0 -ffunction-sections -fdata-sections -Wall -fstack-usage -MMD -MP -MF"Src/led.d" -MT"Src/led.o" --specs=nano.specs -mfpu=fpv5-sp-d16 -mfloat-abi=hard -mthumb -o "Src/led.o"
arm-none-eabi-gcc "../Src/main.c" -mcpu=cortex-m7 -std=gnu11 -g3 -DDEBUG -DSTM32 -DSTM32F746NGHx -DSTM32F7 -DSTM32F746xx -c -I../Inc -I"C:/Users/Joe/Documents/STM32 Bare-Metal Workspace/chip_headers/CMSIS/Include" -I"C:/Users/Joe/Documents/STM32 Bare-Metal Workspace/chip_headers/CMSIS/Device/ST/STM32F7xx/Include" -O0 -ffunction-sections -fdata-sections -Wall -fstack-usage -MMD -MP -MF"Src/main.d" -MT"Src/main.o" --specs=nano.specs -mfpu=fpv5-sp-d16 -mfloat-abi=hard -mthumb -o "Src/main.o"
arm-none-eabi-gcc "../Src/rcc.c" -mcpu=cortex-m7 -std=gnu11 -g3 -DDEBUG -DSTM32 -DSTM32F746NGHx -DSTM32F7 -DSTM32F746xx -c -I../Inc -I"C:/Users/Joe/Documents/STM32 Bare-Metal Workspace/chip_headers/CMSIS/Device/ST/STM32F7xx/Include" -I"C:/Users/Joe/Documents/STM32 Bare-Metal Workspace/chip_headers/CMSIS/Include" -O0 -ffunction-sections -fdata-sections -Wall -fstack-usage -MMD -MP -MF"Src/rcc.d" -MT"Src/rcc.o" --specs=nano.specs -mfpu=fpv5-sp-d16 -mfloat-abi=hard -mthumb -o "Src/rcc.o"
arm-none-eabi-gcc "../Src/syscalls.c" -mcpu=cortex-m7 -std=gnu11 -g3 -DDEBUG -DSTM32 -DSTM32F746NGHx -DSTM32F7 -DSTM32F746xx -c -I../Inc -I"C:/Users/Joe/Documents/STM32 Bare-Metal Workspace/chip_headers/CMSIS/Device/ST/STM32F7xx/Include" -I"C:/Users/Joe/Documents/STM32 Bare-Metal Workspace/chip_headers/CMSIS/Include" -O0 -ffunction-sections -fdata-sections -Wall -fstack-usage -MMD -MP -MF"Src/syscalls.d" -MT"Src/syscalls.o" --specs=nano.specs -mfpu=fpv5-sp-d16 -mfloat-abi=hard -mthumb -o "Src/syscalls.o"
arm-none-eabi-gcc "../Src/sysmem.c" -mcpu=cortex-m7 -std=gnu11 -g3 -DDEBUG -DSTM32 -DSTM32F746NGHx -DSTM32F7 -DSTM32F746xx -c -I../Inc -I"C:/Users/Joe/Documents/STM32 Bare-Metal Workspace/chip_headers/CMSIS/Device/ST/STM32F7xx/Include" -I"C:/Users/Joe/Documents/STM32 Bare-Metal Workspace/chip_headers/CMSIS/Include" -O0 -ffunction-sections -fdata-sections -Wall -fstack-usage -MMD -MP -MF"Src/sysmem.d" -MT"Src/sysmem.o" --specs=nano.specs -mfpu=fpv5-sp-d16 -mfloat-abi=hard -mthumb -o "Src/sysmem.o"
arm-none-eabi-gcc "../Src/systick.c" -mcpu=cortex-m7 -std=gnu11 -g3 -DDEBUG -DSTM32 -DSTM32F746NGHx -DSTM32F7 -DSTM32F746xx -c -I../Inc -I"C:/Users/Joe/Documents/STM32 Bare-Metal Workspace/chip_headers/CMSIS/Device/ST/STM32F7xx/Include" -I"C:/Users/Joe/Documents/STM32 Bare-Metal Workspace/chip_headers/CMSIS/Include" -O0 -ffunction-sections -fdata-sections -Wall -fstack-usage -MMD -MP -MF"Src/systick.d" -MT"Src/systick.o" --specs=nano.specs -mfpu=fpv5-sp-d16 -mfloat-abi=hard -mthumb -o "Src/systick.o"
arm-none-eabi-gcc "../Src/tim.c" -mcpu=cortex-m7 -std=gnu11 -g3 -DDEBUG -DSTM32 -DSTM32F746NGHx -DSTM32F7 -DSTM32F746xx -c -I../Inc -I"C:/Users/Joe/Documents/STM32 Bare-Metal Workspace/chip_headers/CMSIS/Device/ST/STM32F7xx/Include" -I"C:/Users/Joe/Documents/STM32 Bare-Metal Workspace/chip_headers/CMSIS/Include" -O0 -ffunction-sections -fdata-sections -Wall -fstack-usage -MMD -MP -MF"Src/tim.d" -MT"Src/tim.o" --specs=nano.specs -mfpu=fpv5-sp-d16 -mfloat-abi=hard -mthumb -o "Src/tim.o"
arm-none-eabi-gcc "../Src/uart.c" -mcpu=cortex-m7 -std=gnu11 -g3 -DDEBUG -DSTM32 -DSTM32F746NGHx -DSTM32F7 -DSTM32F746xx -c -I../Inc -I"C:/Users/Joe/Documents/STM32 Bare-Metal Workspace/chip_headers/CMSIS/Device/ST/STM32F7xx/Include" -I"C:/Users/Joe/Documents/STM32 Bare-Metal Workspace/chip_headers/CMSIS/Include" -O0 -ffunction-sections -fdata-sections -Wall -fstack-usage -MMD -MP -MF"Src/uart.d" -MT"Src/uart.o" --specs=nano.specs -mfpu=fpv5-sp-d16 -mfloat-abi=hard -mthumb -o "Src/uart.o"
../Src/uart.c: In function '__io_putchar':
../Src/uart.c:31:1: warning: control reaches end of non-void function [-Wreturn-type]
   31 | }
      | ^
arm-none-eabi-gcc -o "13_Timers.elf" @"objects.list"   -mcpu=cortex-m7 -T"C:\Users\Joe\Documents\STM32 Bare-Metal Workspace\13_Timers\STM32F746NGHX_FLASH.ld" --specs=nosys.specs -Wl,-Map="13_Timers.map" -Wl,--gc-sections -static --specs=nano.specs -mfpu=fpv5-sp-d16 -mfloat-abi=hard -mthumb -Wl,--start-group -lc -lm -Wl,--end-group
Finished building target: 13_Timers.elf
 
arm-none-eabi-size   13_Timers.elf 
arm-none-eabi-objdump -h -S  13_Timers.elf  > "13_Timers.list"
   text	   data	    bss	    dec	    hex	filename
   5968	    108	   1588	   7664	   1df0	13_Timers.elf
Finished building: default.size.stdout
 
Finished building: 13_Timers.list
 

14:26:07 Build Finished. 0 errors, 1 warnings. (took 2s.941ms)

