13:05:58 **** Incremental Build of configuration Debug for project 6_uart_tx2_USART6 ****
make -j4 all 
arm-none-eabi-gcc "../Src/main.c" -mcpu=cortex-m7 -std=gnu11 -g3 -DDEBUG -DSTM32 -DSTM32F746NGHx -DSTM32F7 -DSTM32F746xx -c -I../Inc -I"C:/Users/Joe/Documents/STM32 Bare-Metal Workspace/chip_headers/CMSIS/Include" -I"C:/Users/Joe/Documents/STM32 Bare-Metal Workspace/chip_headers/CMSIS/Device/ST/STM32F7xx/Include" -O0 -ffunction-sections -fdata-sections -Wall -fstack-usage -MMD -MP -MF"Src/main.d" -MT"Src/main.o" --specs=nano.specs -mfpu=fpv5-sp-d16 -mfloat-abi=hard -mthumb -o "Src/main.o"
arm-none-eabi-gcc -o "6_uart_tx2_USART6.elf" @"objects.list"   -mcpu=cortex-m7 -T"C:\Users\Joe\Documents\STM32 Bare-Metal Workspace\6_uart_tx2_USART6\STM32F746NGHX_FLASH.ld" --specs=nosys.specs -Wl,-Map="6_uart_tx2_USART6.map" -Wl,--gc-sections -static --specs=nano.specs -mfpu=fpv5-sp-d16 -mfloat-abi=hard -mthumb -Wl,--start-group -lc -lm -Wl,--end-group
Finished building target: 6_uart_tx2_USART6.elf
 
arm-none-eabi-size   6_uart_tx2_USART6.elf 
arm-none-eabi-objdump -h -S  6_uart_tx2_USART6.elf  > "6_uart_tx2_USART6.list"
   text	   data	    bss	    dec	    hex	filename
   1304	      8	   1568	   2880	    b40	6_uart_tx2_USART6.elf
Finished building: default.size.stdout
 
Finished building: 6_uart_tx2_USART6.list
 

13:05:59 Build Finished. 0 errors, 0 warnings. (took 1s.47ms)

