14:35:19 **** Incremental Build of configuration Debug for project 8_uart_modular ****
make -j4 all 
arm-none-eabi-gcc "../Src/main.c" -mcpu=cortex-m7 -std=gnu11 -g3 -DDEBUG -DSTM32 -DSTM32F746NGHx -DSTM32F7 -DSTM32F746xx -c -I../Inc -I"C:/Users/Joe/Documents/STM32 Bare-Metal Workspace/chip_headers/CMSIS/Include" -I"C:/Users/Joe/Documents/STM32 Bare-Metal Workspace/chip_headers/CMSIS/Device/ST/STM32F7xx/Include" -O0 -ffunction-sections -fdata-sections -Wall -fstack-usage -MMD -MP -MF"Src/main.d" -MT"Src/main.o" --specs=nano.specs -mfpu=fpv5-sp-d16 -mfloat-abi=hard -mthumb -o "Src/main.o"
arm-none-eabi-gcc -o "8_uart_modular.elf" @"objects.list"   -mcpu=cortex-m7 -T"C:\Users\Joe\Documents\STM32 Bare-Metal Workspace\8_uart_modular\STM32F746NGHX_FLASH.ld" --specs=nosys.specs -Wl,-Map="8_uart_modular.map" -Wl,--gc-sections -static --specs=nano.specs -mfpu=fpv5-sp-d16 -mfloat-abi=hard -mthumb -Wl,--start-group -lc -lm -Wl,--end-group
Finished building target: 8_uart_modular.elf
 
arm-none-eabi-size   8_uart_modular.elf 
arm-none-eabi-objdump -h -S  8_uart_modular.elf  > "8_uart_modular.list"
   text	   data	    bss	    dec	    hex	filename
   5896	    108	   1588	   7592	   1da8	8_uart_modular.elf
Finished building: default.size.stdout
 
Finished building: 8_uart_modular.list
 

14:35:20 Build Finished. 0 errors, 0 warnings. (took 1s.232ms)

