../Src/main.c:29:5:main	16	static
../Src/main.c:46:6:uart_write	16	static
../Src/main.c:55:6:uart3_tx_init	8	static
../Src/main.c:84:6:set_ahb1_periph_clock	16	static
../Src/main.c:90:6:set_ahb2_periph_clock	16	static
../Src/main.c:96:6:set_apb1_periph_clock	16	static
../Src/main.c:102:6:set_apb2_periph_clock	16	static
../Src/main.c:108:6:set_pin_mode	40	static,ignoring_inline_asm
../Src/main.c:121:6:uart_parameters_config	24	static
../Src/main.c:132:10:compute_uart_div	16	static
../Src/main.c:138:6:uart_set_baudrate	24	static
../Src/main.c:144:6:uart_enable	16	static
../Src/main.c:150:6:set_uart_transfer_direction	16	static
